20:45:38.789 [main                     ] DEBUG Logger               - Configured Logger
20:45:38.813 [main                     ] DEBUG GameApplication      - Logging settings
Title: Mario-like
Version: 0.0
Width: 800
Height: 600
Fullscreen: false
Intro: false
Profiling: false
Single step:false
App Mode: DEVELOPER
Menu Key: ESCAPE
Stage Style: DECORATED
Scene Factory: class com.almasb.fxgl.app.scene.SceneFactory

20:45:39.343 [JavaFX Application Thread] DEBUG FXGLApplication      - Initializing FXGL
20:45:39.349 [JavaFX Application Thread] INFO  Engine               - FXGL-17.3 (30.03.2023 11.49) on WINDOWS (J:17.0.18 FX:20)
20:45:39.349 [JavaFX Application Thread] DEBUG Engine               - JRE Vendor Name: Microsoft
20:45:39.350 [JavaFX Application Thread] DEBUG Engine               - Running on OS: Windows 11 version 10.0
20:45:39.350 [JavaFX Application Thread] DEBUG Engine               - Architecture: amd64
20:45:39.350 [JavaFX Application Thread] INFO  Engine               - Source code and latest versions at: https://github.com/AlmasB/FXGL
20:45:39.350 [JavaFX Application Thread] INFO  Engine               -       Ask questions and discuss at: https://github.com/AlmasB/FXGL/discussions
20:45:39.350 [JavaFX Application Thread] INFO  Engine               -              Join the FXGL chat at: https://gitter.im/AlmasB/FXGL
20:45:39.414 [JavaFX Application Thread] DEBUG PrimaryStageWindow   - Creating a JavaFX scene
20:45:39.480 [JavaFX Application Thread] DEBUG PrimaryStageWindow   - Target settings size: 800.0 x 600.0
20:45:39.480 [JavaFX Application Thread] DEBUG PrimaryStageWindow   - Scaled scene size:    800.0 x 600.0
20:45:39.480 [JavaFX Application Thread] DEBUG PrimaryStageWindow   - Scaled ratio: (1.0, 1.0)
20:45:39.481 [JavaFX Application Thread] DEBUG PrimaryStageWindow   - Set initial scene to FXGLStartupScene
20:45:39.484 [JavaFX Application Thread] DEBUG PrimaryStageWindow   - Opening main window
20:45:39.551 [JavaFX Application Thread] DEBUG PrimaryStageWindow   - Window border size: (16.0, 39.0)
20:45:39.551 [JavaFX Application Thread] DEBUG PrimaryStageWindow   - Scaled size: 800.0 x 600.0
20:45:39.551 [JavaFX Application Thread] DEBUG PrimaryStageWindow   - Scaled ratio: (1.0, 1.0)
20:45:39.552 [JavaFX Application Thread] DEBUG PrimaryStageWindow   - Scene size: 800.0 x 600.0
20:45:39.552 [JavaFX Application Thread] DEBUG PrimaryStageWindow   - Stage size: 816.0 x 639.0
20:45:39.558 [FXGL Background Thread 1 ] DEBUG Engine               - Initializing environment variables
20:45:39.583 [FXGL Background Thread 1 ] DEBUG FXGLAssetLoaderServi - User app class for loading assets: class org.example.Main
20:45:39.584 [FXGL Background Thread 1 ] DEBUG GameApplicationServi - Applying CSS: fxgl_dark.css
20:45:39.586 [FXGL Background Thread 1 ] DEBUG FXGLAssetLoaderServi - Loading from file system: jar:file:/C:/Users/dsdto/.m2/repository/com/github/almasb/fxgl/17.3/fxgl-17.3.jar!/fxglassets/ui/css/fxgl_dark.css
20:45:39.620 [FXGL Background Thread 1 ] DEBUG GameApplicationServi - Initializing application scenes
20:45:39.672 [FXGL Background Thread 1 ] DEBUG GameWorld            - Game world initialized
20:45:39.742 [FXGL Background Thread 1 ] DEBUG PhysicsWorld         - Physics world initialized: appHeight=600, physics.ppm=50,0
20:45:39.742 [FXGL Background Thread 1 ] DEBUG PhysicsWorld         - Using strategy: BRUTE_FORCE
20:45:39.746 [FXGL Background Thread 1 ] DEBUG GameScene            - Game scene initialized: 800x600
20:45:39.760 [FXGL Background Thread 1 ] DEBUG FXGL.DefaultMenu     - createMenuBodyGameMenu()
20:45:39.769 [FXGL Background Thread 1 ] DEBUG FXGL.DefaultMenu     - createOptionsMenu()
20:45:39.777 [FXGL Background Thread 1 ] DEBUG FXGLAssetLoaderServi - Loading from file system: jar:file:/C:/Users/dsdto/.m2/repository/com/github/almasb/fxgl/17.3/fxgl-17.3.jar!/fxglassets/textures/particles/smoke.png
20:45:39.865 [FXGL Background Thread 1 ] DEBUG FXGLAssetLoaderServi - Loading from file system: jar:file:/C:/Users/dsdto/.m2/repository/com/github/almasb/fxgl/17.3/fxgl-17.3.jar!/fxglassets/textures/particles/trace_horizontal.png
20:45:39.885 [FXGL Background Thread 1 ] DEBUG GameApplicationServi - Application scenes initialized
20:45:39.899 [FXGL Background Thread 1 ] DEBUG SystemBundleService  - Loading default FXGL system data
20:45:39.900 [FXGL Background Thread 1 ] DEBUG UpdaterService       - Checking for updates
20:45:39.902 [FXGL Background Thread 4 ] DEBUG FXGLApplication      - Loading fonts
20:45:39.903 [FXGL Background Thread 4 ] DEBUG FXGLAssetLoaderServi - Loading from file system: jar:file:/C:/Users/dsdto/.m2/repository/com/github/almasb/fxgl/17.3/fxgl-17.3.jar!/fxglassets/ui/fonts/VarelaRound-Regular.ttf
20:45:39.903 [FXGL Background Thread 1 ] DEBUG FXGLApplication      - Loading default localization
20:45:39.904 [FXGL Background Thread 1 ] DEBUG FXGLAssetLoaderServi - Loading from file system: jar:file:/C:/Users/dsdto/.m2/repository/com/github/almasb/fxgl/17.3/fxgl-17.3.jar!/fxglassets/languages/english.lang
20:45:39.927 [FXGL Background Thread 1 ] INFO  FXGLApplication      - FXGL initialization took: 0,368 sec
20:45:39.947 [JavaFX Application Thread] DEBUG Input                - Registered new binding: action0 - A
20:45:39.947 [JavaFX Application Thread] DEBUG Input                - Registered new binding: action1 - Left
20:45:39.948 [JavaFX Application Thread] DEBUG Input                - Registered new binding: action2 - D
20:45:39.949 [JavaFX Application Thread] DEBUG Input                - Registered new binding: action3 - Right
20:45:39.951 [JavaFX Application Thread] DEBUG Input                - Registered new binding: action4 - W
20:45:39.953 [JavaFX Application Thread] DEBUG Input                - Registered new binding: action5 - Up
20:45:39.954 [JavaFX Application Thread] DEBUG Input                - Registered new binding: action6 - Space
20:45:39.955 [JavaFX Application Thread] DEBUG FXGLAssetLoaderServi - Loading from file system: jar:file:/C:/Users/dsdto/.m2/repository/com/github/almasb/fxgl/17.3/fxgl-17.3.jar!/fxglassets/textures/fxgl_icon.png
20:45:39.968 [FXGL Background Thread 4 ] DEBUG FXGLAssetLoaderServi - Loading from file system: jar:file:/C:/Users/dsdto/.m2/repository/com/github/almasb/fxgl/17.3/fxgl-17.3.jar!/fxglassets/ui/fonts/Abel-Regular.ttf
20:45:39.973 [JavaFX Application Thread] DEBUG FXGLAssetLoaderServi - Loading from file system: jar:file:/C:/Users/dsdto/.m2/repository/com/github/almasb/fxgl/17.3/fxgl-17.3.jar!/fxglassets/textures/fxgl_default_cursor.png
20:45:39.976 [FXGL Background Thread 4 ] DEBUG FXGLAssetLoaderServi - Loading from file system: jar:file:/C:/Users/dsdto/.m2/repository/com/github/almasb/fxgl/17.3/fxgl-17.3.jar!/fxglassets/ui/fonts/TerminalLandMono-Regular.otf
20:45:39.977 [JavaFX Application Thread] DEBUG Input                - Registered new binding: Screenshot - CTRL+8
20:45:39.978 [JavaFX Application Thread] DEBUG Input                - Registered new binding: System info dump - CTRL+9
20:45:39.979 [JavaFX Application Thread] DEBUG Input                - Registered new binding: Restart - CTRL+R
20:45:39.980 [JavaFX Application Thread] DEBUG Input                - Registered new binding: Toggle Debug Camera - CTRL+7
20:45:39.984 [FXGL Background Thread 4 ] DEBUG FXGLAssetLoaderServi - Loading from file system: jar:file:/C:/Users/dsdto/.m2/repository/com/github/almasb/fxgl/17.3/fxgl-17.3.jar!/fxglassets/ui/fonts/Courier-Prime.ttf
20:45:39.984 [JavaFX Application Thread] DEBUG LoopRunner           - Starting loop
20:45:39.984 [JavaFX Application Thread] DEBUG LoopRunner           - Initializing JavaFX AnimationTimerLoop
20:45:39.986 [JavaFX Application Thread] DEBUG GameApplicationServi - Starting new game
20:45:39.987 [JavaFX Application Thread] DEBUG Input                - Clearing active input actions
20:45:40.002 [JavaFX Application Thread] DEBUG GameApplicationServi - Removing overlay from FXGLStartupScene and adding to FXGLLoadingScene
20:45:40.003 [JavaFX Application Thread] DEBUG PrimaryStageWindow   - FXGLStartupScene -> FXGLLoadingScene
20:45:40.003 [JavaFX Application Thread] DEBUG GameApplicationServi - Clearing previous game
20:45:40.003 [JavaFX Application Thread] DEBUG GameScene            - Clearing game scene
20:45:40.003 [JavaFX Application Thread] DEBUG GameWorld            - Clearing game world
20:45:40.003 [JavaFX Application Thread] DEBUG PhysicsWorld         - Clearing physics world
20:45:40.006 [FXGL Background Thread 4 ] DEBUG FXGLApplication      - Initializing game
20:45:40.038 [FXGL Background Thread 4 ] INFO  FXGLApplication      - Game initialization took: 0,031 sec
20:45:40.077 [JavaFX Application Thread] DEBUG FXGLApplication      - Registering font factories with UI factory
20:45:40.084 [JavaFX Application Thread] DEBUG Input                - Clearing active input actions
20:45:40.086 [JavaFX Application Thread] DEBUG GameApplicationServi - Removing overlay from FXGLLoadingScene and adding to GameScene
20:45:40.087 [JavaFX Application Thread] DEBUG PrimaryStageWindow   - FXGLLoadingScene -> GameScene
20:45:40.512 [FXGL Background Thread 2 ] INFO  UpdaterService       - Your current version:  17.3
20:45:40.512 [FXGL Background Thread 2 ] INFO  UpdaterService       - Latest stable version: 25
20:45:42.902 [FXGL Background Thread 3 ] DEBUG Engine               - Logging environment variables
20:45:42.903 [FXGL Background Thread 3 ] DEBUG Engine               - achievements: []
20:45:42.903 [FXGL Background Thread 3 ] DEBUG Engine               - actualHeight: 600.0
20:45:42.904 [FXGL Background Thread 3 ] DEBUG Engine               - actualHeightProperty: ReadOnlyDoubleProperty [value: 600.0]
20:45:42.904 [FXGL Background Thread 3 ] DEBUG Engine               - actualWidth: 800.0
20:45:42.904 [FXGL Background Thread 3 ] DEBUG Engine               - actualWidthProperty: ReadOnlyDoubleProperty [value: 800.0]
20:45:42.904 [FXGL Background Thread 3 ] DEBUG Engine               - appIcon: fxgl_icon.png
20:45:42.904 [FXGL Background Thread 3 ] DEBUG Engine               - applicationMode: DEVELOPER
20:45:42.904 [FXGL Background Thread 3 ] DEBUG Engine               - cSSList: [fxgl_dark.css]
20:45:42.904 [FXGL Background Thread 3 ] DEBUG Engine               - collisionDetectionStrategy: BRUTE_FORCE
20:45:42.905 [FXGL Background Thread 3 ] DEBUG Engine               - configClass: Optional.empty
20:45:42.905 [FXGL Background Thread 3 ] DEBUG Engine               - credits: []
20:45:42.905 [FXGL Background Thread 3 ] DEBUG Engine               - defaultCursor: CursorInfo(imageName=fxgl_default_cursor.png, hotspotX=7.0, hotspotY=6.0)
20:45:42.906 [FXGL Background Thread 3 ] DEBUG Engine               - devBBoxColorProperty: ObjectProperty [value: 0xff0000ff]
20:45:42.906 [FXGL Background Thread 3 ] DEBUG Engine               - devEnableDebugCameraProperty: BooleanProperty [value: false]
20:45:42.906 [FXGL Background Thread 3 ] DEBUG Engine               - devSensorColorProperty: ObjectProperty [value: 0xffff00ff]
20:45:42.906 [FXGL Background Thread 3 ] DEBUG Engine               - devShowBBoxProperty: BooleanProperty [value: false]
20:45:42.906 [FXGL Background Thread 3 ] DEBUG Engine               - devShowPositionProperty: BooleanProperty [value: false]
20:45:42.906 [FXGL Background Thread 3 ] DEBUG Engine               - enabledMenuItems: []
20:45:42.907 [FXGL Background Thread 3 ] DEBUG Engine               - engineServices: [class com.almasb.fxgl.app.services.FXGLAssetLoaderService, class com.almasb.fxgl.app.FXGLApplication$GameApplicationService, class com.almasb.fxgl.app.services.FXGLDialogService, class com.almasb.fxgl.app.services.IOTaskExecutorService, class com.almasb.fxgl.io.FileSystemService, class com.almasb.fxgl.localization.LocalizationService, class com.almasb.fxgl.app.services.SystemBundleService, class com.almasb.fxgl.profile.SaveLoadService, class com.almasb.fxgl.ui.FXGLUIFactoryServiceProvider, class com.almasb.fxgl.ui.FXGLDialogFactoryServiceProvider, class com.almasb.fxgl.audio.AudioPlayer, class com.almasb.fxgl.notification.impl.NotificationServiceProvider, class com.almasb.fxgl.achievement.AchievementService, class com.almasb.fxgl.cutscene.CutsceneService, class com.almasb.fxgl.minigames.MiniGameService, class com.almasb.fxgl.net.NetService, class com.almasb.fxgl.app.services.UpdaterService, class com.almasb.fxgl.dev.DevService]
20:45:42.907 [FXGL Background Thread 3 ] DEBUG Engine               - fontGame: Abel-Regular.ttf
20:45:42.907 [FXGL Background Thread 3 ] DEBUG Engine               - fontMono: TerminalLandMono-Regular.otf
20:45:42.907 [FXGL Background Thread 3 ] DEBUG Engine               - fontSizeScaleUI: 1.0
20:45:42.907 [FXGL Background Thread 3 ] DEBUG Engine               - fontText: Courier-Prime.ttf
20:45:42.907 [FXGL Background Thread 3 ] DEBUG Engine               - fontUI: VarelaRound-Regular.ttf
20:45:42.907 [FXGL Background Thread 3 ] DEBUG Engine               - fullScreen: BooleanProperty [value: false]
20:45:42.907 [FXGL Background Thread 3 ] DEBUG Engine               - gameDifficulty: MEDIUM
20:45:42.907 [FXGL Background Thread 3 ] DEBUG Engine               - gameDifficultyProperty: ObjectProperty [value: MEDIUM]
20:45:42.907 [FXGL Background Thread 3 ] DEBUG Engine               - globalMusicVolume: 0.5
20:45:42.907 [FXGL Background Thread 3 ] DEBUG Engine               - globalMusicVolumeProperty: DoubleProperty [value: 0.5]
20:45:42.907 [FXGL Background Thread 3 ] DEBUG Engine               - globalSoundVolume: 0.5
20:45:42.907 [FXGL Background Thread 3 ] DEBUG Engine               - globalSoundVolumeProperty: DoubleProperty [value: 0.5]
20:45:42.907 [FXGL Background Thread 3 ] DEBUG Engine               - height: 600
20:45:42.907 [FXGL Background Thread 3 ] DEBUG Engine               - is3D: false
20:45:42.907 [FXGL Background Thread 3 ] DEBUG Engine               - isAndroid: false
20:45:42.907 [FXGL Background Thread 3 ] DEBUG Engine               - isBrowser: false
20:45:42.907 [FXGL Background Thread 3 ] DEBUG Engine               - isClickFeedbackEnabled: false
20:45:42.907 [FXGL Background Thread 3 ] DEBUG Engine               - isCloseConfirmation: false
20:45:42.908 [FXGL Background Thread 3 ] DEBUG Engine               - isDesktop: true
20:45:42.908 [FXGL Background Thread 3 ] DEBUG Engine               - isDeveloperMenuEnabled: false
20:45:42.908 [FXGL Background Thread 3 ] DEBUG Engine               - isEmbedded: false
20:45:42.908 [FXGL Background Thread 3 ] DEBUG Engine               - isEntityPreloadEnabled: true
20:45:42.908 [FXGL Background Thread 3 ] DEBUG Engine               - isExperimentalTiledLargeMap: false
20:45:42.908 [FXGL Background Thread 3 ] DEBUG Engine               - isFileSystemWriteAllowed: true
20:45:42.908 [FXGL Background Thread 3 ] DEBUG Engine               - isFullScreenAllowed: false
20:45:42.908 [FXGL Background Thread 3 ] DEBUG Engine               - isFullScreenFromStart: false
20:45:42.908 [FXGL Background Thread 3 ] DEBUG Engine               - isGameMenuEnabled: true
20:45:42.908 [FXGL Background Thread 3 ] DEBUG Engine               - isIOS: false
20:45:42.908 [FXGL Background Thread 3 ] DEBUG Engine               - isIntroEnabled: false
20:45:42.908 [FXGL Background Thread 3 ] DEBUG Engine               - isLinux: false
20:45:42.908 [FXGL Background Thread 3 ] DEBUG Engine               - isMac: false
20:45:42.908 [FXGL Background Thread 3 ] DEBUG Engine               - isMainMenuEnabled: false
20:45:42.908 [FXGL Background Thread 3 ] DEBUG Engine               - isManualResizeEnabled: false
20:45:42.908 [FXGL Background Thread 3 ] DEBUG Engine               - isMobile: false
20:45:42.908 [FXGL Background Thread 3 ] DEBUG Engine               - isNative: false
20:45:42.908 [FXGL Background Thread 3 ] DEBUG Engine               - isPauseMusicWhenMinimized: true
20:45:42.908 [FXGL Background Thread 3 ] DEBUG Engine               - isPreserveResizeRatio: false
20:45:42.908 [FXGL Background Thread 3 ] DEBUG Engine               - isProfilingEnabled: false
20:45:42.908 [FXGL Background Thread 3 ] DEBUG Engine               - isScaleAffectedOnResize: true
20:45:42.908 [FXGL Background Thread 3 ] DEBUG Engine               - isSingleStep: false
20:45:42.908 [FXGL Background Thread 3 ] DEBUG Engine               - isUserProfileEnabled: false
20:45:42.909 [FXGL Background Thread 3 ] DEBUG Engine               - isWindows: true
20:45:42.909 [FXGL Background Thread 3 ] DEBUG Engine               - language: ObjectProperty [value: ENGLISH]
20:45:42.909 [FXGL Background Thread 3 ] DEBUG Engine               - menuKey: ESCAPE
20:45:42.909 [FXGL Background Thread 3 ] DEBUG Engine               - mouseSensitivity: 0.2
20:45:42.909 [FXGL Background Thread 3 ] DEBUG Engine               - notificationViewClass: class com.almasb.fxgl.notification.view.XboxNotificationView
20:45:42.909 [FXGL Background Thread 3 ] DEBUG Engine               - pixelsPerMeter: 50.0
20:45:42.909 [FXGL Background Thread 3 ] DEBUG Engine               - platform: WINDOWS
20:45:42.909 [FXGL Background Thread 3 ] DEBUG Engine               - prefHeightProperty: ReadOnlyDoubleProperty [value: 600.0]
20:45:42.909 [FXGL Background Thread 3 ] DEBUG Engine               - prefWidthProperty: ReadOnlyDoubleProperty [value: 800.0]
20:45:42.909 [FXGL Background Thread 3 ] DEBUG Engine               - profileDir: profiles/
20:45:42.909 [FXGL Background Thread 3 ] DEBUG Engine               - profileName: StringProperty [value: DEFAULT]
20:45:42.909 [FXGL Background Thread 3 ] DEBUG Engine               - randomSeed: -1
20:45:42.909 [FXGL Background Thread 3 ] DEBUG Engine               - runtimeInfo: RuntimeInfo(platform=WINDOWS, version=17.3, build=30.03.2023 11.49)
20:45:42.909 [FXGL Background Thread 3 ] DEBUG Engine               - saveFileExt: sav
20:45:42.909 [FXGL Background Thread 3 ] DEBUG Engine               - scaledHeightProp$fxgl: DoubleProperty [bound, value: 600.0]
20:45:42.909 [FXGL Background Thread 3 ] DEBUG Engine               - scaledWidthProp$fxgl: DoubleProperty [bound, value: 800.0]
20:45:42.909 [FXGL Background Thread 3 ] DEBUG Engine               - sceneFactory: com.almasb.fxgl.app.scene.SceneFactory@2fec3e4
20:45:42.909 [FXGL Background Thread 3 ] DEBUG Engine               - secondsIn24h: 60
20:45:42.909 [FXGL Background Thread 3 ] DEBUG Engine               - soundMenuBack: menu/back.wav
20:45:42.910 [FXGL Background Thread 3 ] DEBUG Engine               - soundMenuPress: menu/press.wav
20:45:42.910 [FXGL Background Thread 3 ] DEBUG Engine               - soundMenuSelect: menu/select.wav
20:45:42.910 [FXGL Background Thread 3 ] DEBUG Engine               - soundNotification: core/notification.wav
20:45:42.910 [FXGL Background Thread 3 ] DEBUG Engine               - stageStyle: DECORATED
20:45:42.910 [FXGL Background Thread 3 ] DEBUG Engine               - supportedLanguages: [ENGLISH, FRENCH, GERMAN, HUNGARIAN, RUSSIAN]
20:45:42.910 [FXGL Background Thread 3 ] DEBUG Engine               - ticksPerSecond: -1
20:45:42.910 [FXGL Background Thread 3 ] DEBUG Engine               - title: Mario-like
20:45:42.910 [FXGL Background Thread 3 ] DEBUG Engine               - urlGithub: https://github.com/AlmasB/FXGL
20:45:42.910 [FXGL Background Thread 3 ] DEBUG Engine               - urlLeaderboard: http://fxgl-top.herokuapp.com/
20:45:42.910 [FXGL Background Thread 3 ] DEBUG Engine               - urlPOM: https://raw.githubusercontent.com/AlmasB/FXGL/release/README.md
20:45:42.910 [FXGL Background Thread 3 ] DEBUG Engine               - userAppClass: class org.example.Main
20:45:42.910 [FXGL Background Thread 3 ] DEBUG Engine               - version: 0.0
20:45:42.910 [FXGL Background Thread 3 ] DEBUG Engine               - versionCheckDays: 7
20:45:42.910 [FXGL Background Thread 3 ] DEBUG Engine               - width: 800
20:45:42.910 [FXGL Background Thread 3 ] DEBUG Engine               - Logging services
20:45:42.910 [FXGL Background Thread 3 ] DEBUG Engine               - class com.almasb.fxgl.app.services.FXGLAssetLoaderService
20:45:42.910 [FXGL Background Thread 3 ] DEBUG Engine               - class com.almasb.fxgl.app.FXGLApplication$GameApplicationService
20:45:42.910 [FXGL Background Thread 3 ] DEBUG Engine               - class com.almasb.fxgl.app.services.FXGLDialogService
20:45:42.910 [FXGL Background Thread 3 ] DEBUG Engine               - class com.almasb.fxgl.app.services.IOTaskExecutorService
20:45:42.910 [FXGL Background Thread 3 ] DEBUG Engine               - class com.almasb.fxgl.io.FileSystemService
20:45:42.910 [FXGL Background Thread 3 ] DEBUG Engine               - class com.almasb.fxgl.localization.LocalizationService
20:45:42.910 [FXGL Background Thread 3 ] DEBUG Engine               - class com.almasb.fxgl.app.services.SystemBundleService
20:45:42.910 [FXGL Background Thread 3 ] DEBUG Engine               - class com.almasb.fxgl.profile.SaveLoadService
20:45:42.910 [FXGL Background Thread 3 ] DEBUG Engine               - class com.almasb.fxgl.ui.FXGLUIFactoryServiceProvider
20:45:42.910 [FXGL Background Thread 3 ] DEBUG Engine               - class com.almasb.fxgl.ui.FXGLDialogFactoryServiceProvider
20:45:42.910 [FXGL Background Thread 3 ] DEBUG Engine               - class com.almasb.fxgl.audio.AudioPlayer
20:45:42.910 [FXGL Background Thread 3 ] DEBUG Engine               - class com.almasb.fxgl.notification.impl.NotificationServiceProvider
20:45:42.910 [FXGL Background Thread 3 ] DEBUG Engine               - class com.almasb.fxgl.achievement.AchievementService
20:45:42.910 [FXGL Background Thread 3 ] DEBUG Engine               - class com.almasb.fxgl.cutscene.CutsceneService
20:45:42.910 [FXGL Background Thread 3 ] DEBUG Engine               - class com.almasb.fxgl.minigames.MiniGameService
20:45:42.910 [FXGL Background Thread 3 ] DEBUG Engine               - class com.almasb.fxgl.net.NetService
20:45:42.910 [FXGL Background Thread 3 ] DEBUG Engine               - class com.almasb.fxgl.app.services.UpdaterService
20:45:42.910 [FXGL Background Thread 3 ] DEBUG Engine               - class com.almasb.fxgl.dev.DevService
20:45:48.567 [JavaFX Application Thread] DEBUG FXGLApplication      - Exiting FXGL
20:45:48.567 [JavaFX Application Thread] DEBUG LoopRunner           - Stopping loop
20:45:48.567 [JavaFX Application Thread] DEBUG SystemBundleService  - Saving FXGL system data
20:45:48.569 [JavaFX Application Thread] DEBUG FileSystemAccess     - Writing to: C:\Users\dsdto\Mario\system\fxgl.bundle
20:45:48.573 [JavaFX Application Thread] DEBUG Async                - Shutting down background threads
20:45:48.574 [JavaFX Application Thread] DEBUG PrimaryStageWindow   - Closing main window
20:45:48.582 [JavaFX Application Thread] DEBUG Logger               - Closing Logger
